
=== JSON-LD for Homepage ===
{"@context":"https://schema.org","@type":"Organization","name":"Crown Findings","url":"https://usa-crown-front.vercel.app","logo":"https://wwzlxdqcuxjywpwmpllt.supabase.co/storage/v1/object/public/storage/library/1786708935064_crown.png"}

=== JSON-LD for PDP ===
{"@context":"https://schema.org","@type":"Organization","name":"Crown Findings","url":"https://usa-crown-front.vercel.app","logo":"https://wwzlxdqcuxjywpwmpllt.supabase.co/storage/v1/object/public/storage/library/1786708935064_crown.png"}
{"@context":"https://schema.org","@type":"Product","name":"A-11: 5MM DIE-STRUCK BLOCK INITIAL","image":"https://wwzlxdqcuxjywpwmpllt.supabase.co/storage/v1/object/public/storage/wc-import/a-11-49979a5d2b.jpg"}

=== JSON-LD for /categories/pendants ===
{"@context":"https://schema.org","@type":"Organization","name":"Crown Findings","url":"https://usa-crown-front.vercel.app","logo":"https://wwzlxdqcuxjywpwmpllt.supabase.co/storage/v1/object/public/storage/library/1786708935064_crown.png"}
{"@context":"https://schema.org","@type":"BreadcrumbList","itemListElement":[{"@type":"ListItem","position":1,"name":"Home","item":"https://usa-crown-front.vercel.app/"},{"@type":"ListItem","position":2,"name":"PENDANTS","item":"https://usa-crown-front.vercel.app/categories/pendants"}]}
{"@context":"https://schema.org","@type":"ItemList","itemListElement":[{"@type":"ListItem","position":1,"url":"https://usa-crown-front.vercel.app/products/pb-13-die-struck-pendant-rabbit-ear-bail"},{"@type":"ListItem","position":2,"url":"https://usa-crown-front.vercel.app/products/ch-40-cast-italian-hand-72853"},{"@type":"ListItem","position":3,"url":"https://usa-crown-front.vercel.app/products/ch-45-faith-hope-and-amp-charity-cast-charm-72854"},{"@type":"ListItem","position":4,"url":"https://usa-crown-front.vercel.app/products/ch-50-praying-hands-cast-charm-72855"},{"@type":"ListItem","position":5,"url":"https://usa-crown-front.vercel.app/products/ch-52-praying-hands-on-round-medal-cast-charm-72856"},{"@type":"ListItem","position":6,"url":"https://usa-crown-front.vercel.app/products/cn-112-116-cast-bar-necklace-for-stones-72858"},{"@type":"ListItem","position":7,"url":"https://usa-crown-front.vercel.app/products/cn-161-165-cast-curved-necklace-for-stones-72859"},{"@type":"ListItem","position":8,"url":"https://usa-crown-front.vercel.app/products/cn-200-1-200-3-cast-necklace-round-stone-72860"},{"@type":"ListItem","position":9,"url":"https://usa-crown-front.vercel.app/products/cn-201-cast-necklace-round-stone-72861"},{"@type":"ListItem","position":10,"url":"https://usa-crown-front.vercel.app/products/cn-327-331-3-stones-cast-necklace-72862"},{"@type":"ListItem","position":11,"url":"https://usa-crown-front.vercel.app/products/cpb-name-plate-bar-72918"},{"@type":"ListItem","position":12,"url":"https://usa-crown-front.vercel.app/products/loh-900-902-heart-locket-72960"},{"@type":"ListItem","position":13,"url":"https://usa-crown-front.vercel.app/products/loh-903-906-heart-locket-72961"},{"@type":"ListItem","position":14,"url":"https://usa-crown-front.vercel.app/products/loh-907-4-picture-heart-shaped-locket-72962"},{"@type":"ListItem","position":15,"url":"https://usa-crown-front.vercel.app/products/loh-909-910-heart-locket-72963"},{"@type":"ListItem","position":16,"url":"https://usa-crown-front.vercel.app/products/loh-911-915-heart-shaped-locket-w-01ct-diamond-in-the-center-72964"},{"@type":"ListItem","position":17,"url":"https://usa-crown-front.vercel.app/products/loh-918-919-heart-shaped-locket-with-diamonds-72965"},{"@type":"ListItem","position":18,"url":"https://usa-crown-front.vercel.app/products/loh-921-heart-shaped-locket-with-heart-design-72966"},{"@type":"ListItem","position":19,"url":"https://usa-crown-front.vercel.app/products/loh-922-heart-shaped-locket-with-design-72967"},{"@type":"ListItem","position":20,"url":"https://usa-crown-front.vercel.app/products/loh-923-heart-shaped-locket-with-heart-design-72968"},{"@type":"ListItem","position":21,"url":"https://usa-crown-front.vercel.app/products/loh-924-heart-shaped-locket-with-flower-design-72969"},{"@type":"ListItem","position":22,"url":"https://usa-crown-front.vercel.app/products/loh-927-heart-shaped-locket-with-flower-design-73001"},{"@type":"ListItem","position":23,"url":"https://usa-crown-front.vercel.app/products/loh-928-heart-shaped-locket-with-flower-design-73002"},{"@type":"ListItem","position":24,"url":"https://usa-crown-front.vercel.app/products/loh-931-heart-shaped-locket-with-flower-design-73004"},{"@type":"ListItem","position":25,"url":"https://usa-crown-front.vercel.app/products/loh-930-heart-shaped-locket-with-flower-design-73003"},{"@type":"ListItem","position":26,"url":"https://usa-crown-front.vercel.app/products/loh-933-4-picture-heart-shaped-locket-73005"},{"@type":"ListItem","position":27,"url":"https://usa-crown-front.vercel.app/products/loh-935-heart-shaped-locket-with-flower-painting-design-73007"},{"@type":"ListItem","position":28,"url":"https://usa-crown-front.vercel.app/products/loh-934-heart-shaped-locket-with-flower-painting-design-73006"},{"@type":"ListItem","position":29,"url":"https://usa-crown-front.vercel.app/products/loh-936-heart-shaped-locket-with-flower-design-73008"},{"@type":"ListItem","position":30,"url":"https://usa-crown-front.vercel.app/products/loh-937-heart-shaped-locket-with-flower-design-73009"},{"@type":"ListItem","position":31,"url":"https://usa-crown-front.vercel.app/products/loh-939-heart-shaped-mom-locket-73010"},{"@type":"ListItem","position":32,"url":"https://usa-crown-front.vercel.app/products/loh-940-heart-shaped-mom-locket-73011"},{"@type":"ListItem","position":33,"url":"https://usa-crown-front.vercel.app/products/loh-941-heart-shaped-locket-with-rose-design-73012"},{"@type":"ListItem","position":34,"url":"https://usa-crown-front.vercel.app/products/loh-942-heart-shaped-locket-with-rose-design-73013"},{"@type":"ListItem","position":35,"url":"https://usa-crown-front.vercel.app/products/loh-943-heart-shaped-locket-with-heart-design-73014"},{"@type":"ListItem","position":36,"url":"https://usa-crown-front.vercel.app/products/loh-945-heart-shaped-locket-with-heart-design-73016"},{"@type":"ListItem","position":37,"url":"https://usa-crown-front.vercel.app/products/loh-944-heart-shaped-locket-with-heart-design-73015"},{"@type":"ListItem","position":38,"url":"https://usa-crown-front.vercel.app/products/loh-946-heart-shaped-locket-with-flower-design-73017"},{"@type":"ListItem","position":39,"url":"https://usa-crown-front.vercel.app/products/loh-947-heart-shaped-locket-with-flower-design-73018"},{"@type":"ListItem","position":40,"url":"https://usa-crown-front.vercel.app/products/loh-948-heart-shaped-locket-with-flower-design-73019"},{"@type":"ListItem","position":41,"url":"https://usa-crown-front.vercel.app/products/loh-949-heart-shaped-locket-with-flower-design-73020"},{"@type":"ListItem","position":42,"url":"https://usa-crown-front.vercel.app/products/loh-950-heart-shaped-locket-with-flower-design-73021"},{"@type":"ListItem","position":43,"url":"https://usa-crown-front.vercel.app/products/loh-951-heart-shaped-locket-with-flower-design-73022"},{"@type":"ListItem","position":44,"url":"https://usa-crown-front.vercel.app/products/loh-952-heart-shaped-locket-with-flower-design-73023"},{"@type":"ListItem","position":45,"url":"https://usa-crown-front.vercel.app/products/loh-953-heart-shaped-locket-with-flower-design-73024"},{"@type":"ListItem","position":46,"url":"https://usa-crown-front.vercel.app/products/loh-954-heart-shaped-locket-with-flower-design-73025"},{"@type":"ListItem","position":47,"url":"https://usa-crown-front.vercel.app/products/loh-955-heart-shaped-locket-with-flower-design-73026"},{"@type":"ListItem","position":48,"url":"https://usa-crown-front.vercel.app/products/loh-956-heart-shaped-locket-with-flower-design-73027"},{"@type":"ListItem","position":49,"url":"https://usa-crown-front.vercel.app/products/loh-962-heart-shaped-locket-with-bow-tie-design-73028"},{"@type":"ListItem","position":50,"url":"https://usa-crown-front.vercel.app/products/loh-970-heart-shaped-locket-with-heart-design-73029"},{"@type":"ListItem","position":51,"url":"https://usa-crown-front.vercel.app/products/loh-972-heart-shaped-locket-with-heart-design-73030"},{"@type":"ListItem","position":52,"url":"https://usa-crown-front.vercel.app/products/loh-973-heart-shaped-locket-with-heart-design-73031"},{"@type":"ListItem","position":53,"url":"https://usa-crown-front.vercel.app/products/loh-974-heart-shaped-locket-with-heart-design-73032"},{"@type":"ListItem","position":54,"url":"https://usa-crown-front.vercel.app/products/loh-975-heart-shaped-locket-with-heart-design-73033"},{"@type":"ListItem","position":55,"url":"https://usa-crown-front.vercel.app/products/loh-990-heart-shaped-agate-and-cameo-locket-73034"},{"@type":"ListItem","position":56,"url":"https://usa-crown-front.vercel.app/products/loo-800-804-oval-shaped-locket-plain-73035"},{"@type":"ListItem","position":57,"url":"https://usa-crown-front.vercel.app/products/loo-805-806-oval-shaped-locket-plain-73036"},{"@type":"ListItem","position":58,"url":"https://usa-crown-front.vercel.app/products/loo-808-oval-shaped-locket-plain-73037"},{"@type":"ListItem","position":59,"url":"https://usa-crown-front.vercel.app/products/loo-810-812-oval-shaped-locket-1-diamond-center-73038"},{"@type":"ListItem","position":60,"url":"https://usa-crown-front.vercel.app/products/loo-820-oval-shaped-locket-with-flower-design-73039"}]}

=== JSON-LD for /categories/pendants?page=2 ===
{"@context":"https://schema.org","@type":"Organization","name":"Crown Findings","url":"https://usa-crown-front.vercel.app","logo":"https://wwzlxdqcuxjywpwmpllt.supabase.co/storage/v1/object/public/storage/library/1786708935064_crown.png"}
{"@context":"https://schema.org","@type":"BreadcrumbList","itemListElement":[{"@type":"ListItem","position":1,"name":"Home","item":"https://usa-crown-front.vercel.app/"},{"@type":"ListItem","position":2,"name":"PENDANTS","item":"https://usa-crown-front.vercel.app/categories/pendants"}]}
{"@context":"https://schema.org","@type":"ItemList","itemListElement":[{"@type":"ListItem","position":1,"url":"https://usa-crown-front.vercel.app/products/loo-821-822-oval-shaped-locket-with-flower-design-73040"},{"@type":"ListItem","position":2,"url":"https://usa-crown-front.vercel.app/products/loo-823-824-oval-shaped-locket-with-flower-design-73041"},{"@type":"ListItem","position":3,"url":"https://usa-crown-front.vercel.app/products/loo-825-oval-shaped-locket-with-flower-design-73042"},{"@type":"ListItem","position":4,"url":"https://usa-crown-front.vercel.app/products/loo-826-oval-shaped-locket-with-flower-design-73043"},{"@type":"ListItem","position":5,"url":"https://usa-crown-front.vercel.app/products/loo-827-oval-shaped-locket-with-flower-design-73044"},{"@type":"ListItem","position":6,"url":"https://usa-crown-front.vercel.app/products/loo-831-oval-shaped-locket-with-rose-design-73045"},{"@type":"ListItem","position":7,"url":"https://usa-crown-front.vercel.app/products/loo-832-oval-shaped-locket-with-rose-design-73046"},{"@type":"ListItem","position":8,"url":"https://usa-crown-front.vercel.app/products/loo-833-oval-shaped-locket-with-rose-design-73047"},{"@type":"ListItem","position":9,"url":"https://usa-crown-front.vercel.app/products/loo-834-oval-shaped-locket-with-rose-design-73048"},{"@type":"ListItem","position":10,"url":"https://usa-crown-front.vercel.app/products/loo-835-oval-shaped-locket-with-rose-design-73049"},{"@type":"ListItem","position":11,"url":"https://usa-crown-front.vercel.app/products/loo-836-oval-shaped-locket-with-rose-design-73050"},{"@type":"ListItem","position":12,"url":"https://usa-crown-front.vercel.app/products/loo-837-oval-shaped-locket-with-flower-design-73114"},{"@type":"ListItem","position":13,"url":"https://usa-crown-front.vercel.app/products/loo-840-oval-shaped-locket-with-flower-design-73115"},{"@type":"ListItem","position":14,"url":"https://usa-crown-front.vercel.app/products/loo-841-oval-shaped-locket-with-flower-design-73116"},{"@type":"ListItem","position":15,"url":"https://usa-crown-front.vercel.app/products/loo-842-oval-shaped-locket-with-flower-design-73117"},{"@type":"ListItem","position":16,"url":"https://usa-crown-front.vercel.app/products/loo-844-oval-shaped-locket-with-flower-design-73118"},{"@type":"ListItem","position":17,"url":"https://usa-crown-front.vercel.app/products/loo-845-oval-shaped-locket-with-flower-design-73119"},{"@type":"ListItem","position":18,"url":"https://usa-crown-front.vercel.app/products/loo-848-oval-shaped-locket-with-flower-design-73120"},{"@type":"ListItem","position":19,"url":"https://usa-crown-front.vercel.app/products/loo-850-oval-shaped-locket-with-heart-design-73121"},{"@type":"ListItem","position":20,"url":"https://usa-crown-front.vercel.app/products/loo-851-oval-shaped-locket-with-heart-design-73122"},{"@type":"ListItem","position":21,"url":"https://usa-crown-front.vercel.app/products/loo-852-oval-shaped-locket-with-heart-design-73123"},{"@type":"ListItem","position":22,"url":"https://usa-crown-front.vercel.app/products/loo-853-oval-shaped-locket-with-heart-design-73124"},{"@type":"ListItem","position":23,"url":"https://usa-crown-front.vercel.app/products/loo-854-oval-shaped-locket-with-heart-design-73125"},{"@type":"ListItem","position":24,"url":"https://usa-crown-front.vercel.app/products/loo-860-oval-shaped-locket-with-cross-design-73126"},{"@type":"ListItem","position":25,"url":"https://usa-crown-front.vercel.app/products/loo-861-oval-shaped-locket-with-profile-design-73127"},{"@type":"ListItem","position":26,"url":"https://usa-crown-front.vercel.app/products/loo-890-oval-agate-and-cameo-locket-73128"},{"@type":"ListItem","position":27,"url":"https://usa-crown-front.vercel.app/products/loo-891-oval-agate-and-amp-cameo-locket-73129"},{"@type":"ListItem","position":28,"url":"https://usa-crown-front.vercel.app/products/loo-892-oval-agate-and-cameo-locket-73130"},{"@type":"ListItem","position":29,"url":"https://usa-crown-front.vercel.app/products/loo-893-oval-agate-and-amp-cameo-locket-73131"},{"@type":"ListItem","position":30,"url":"https://usa-crown-front.vercel.app/products/loo-894-oval-locket-cornelian-stone-73132"},{"@type":"ListItem","position":31,"url":"https://usa-crown-front.vercel.app/products/lor-702-703-round-shaped-locket-plain-73133"},{"@type":"ListItem","position":32,"url":"https://usa-crown-front.vercel.app/products/lor-708-round-shaped-locket-plain-73134"},{"@type":"ListItem","position":33,"url":"https://usa-crown-front.vercel.app/products/lor-710-round-shaped-locket-1-diamond-center-73135"},{"@type":"ListItem","position":34,"url":"https://usa-crown-front.vercel.app/products/lor-720-round-shaped-locket-with-flower-design-73136"},{"@type":"ListItem","position":35,"url":"https://usa-crown-front.vercel.app/products/lor-721-round-shaped-locket-with-flower-design-73137"},{"@type":"ListItem","position":36,"url":"https://usa-crown-front.vercel.app/products/lor-730-round-shaped-locket-with-flower-design-73138"},{"@type":"ListItem","position":37,"url":"https://usa-crown-front.vercel.app/products/lor-734-round-shaped-locket-with-flower-design-73139"},{"@type":"ListItem","position":38,"url":"https://usa-crown-front.vercel.app/products/lor-735-round-shaped-locket-with-flower-design-73140"},{"@type":"ListItem","position":39,"url":"https://usa-crown-front.vercel.app/products/pb-10-die-struck-pendant-rabbit-ear-bail-73142"},{"@type":"ListItem","position":40,"url":"https://usa-crown-front.vercel.app/products/lor-736-round-shaped-locket-with-shield-design-73141"},{"@type":"ListItem","position":41,"url":"https://usa-crown-front.vercel.app/products/pb-12-cast-pendant-bail-w-jump-ring-73143"},{"@type":"ListItem","position":42,"url":"https://usa-crown-front.vercel.app/products/pb-13-die-struck-pendant-rabbit-ear-bail-73144"},{"@type":"ListItem","position":43,"url":"https://usa-crown-front.vercel.app/products/pb-16-die-struck-pendant-rabbit-ear-bail-73145"},{"@type":"ListItem","position":44,"url":"https://usa-crown-front.vercel.app/products/pb-20-die-struck-pendant-rabbit-ear-bail-73146"},{"@type":"ListItem","position":45,"url":"https://usa-crown-front.vercel.app/products/pb-25-die-struck-pendant-bail-73147"},{"@type":"ListItem","position":46,"url":"https://usa-crown-front.vercel.app/products/pb-30-die-struck-pendant-bail-snap-on-73148"},{"@type":"ListItem","position":47,"url":"https://usa-crown-front.vercel.app/products/pb-32-die-struck-pendant-bail-snap-on-73149"},{"@type":"ListItem","position":48,"url":"https://usa-crown-front.vercel.app/products/pb-34-die-struck-pendant-bail-snap-on-73150"},{"@type":"ListItem","position":49,"url":"https://usa-crown-front.vercel.app/products/pb-34-l-light-weight-die-struck-pendant-bail-snap-on-73151"},{"@type":"ListItem","position":50,"url":"https://usa-crown-front.vercel.app/products/pb-40-die-struck-pendant-bail-snap-on-73152"},{"@type":"ListItem","position":51,"url":"https://usa-crown-front.vercel.app/products/pb-48-4-50mm-id-cast-pendant-bail-w-jump-ring-73153"},{"@type":"ListItem","position":52,"url":"https://usa-crown-front.vercel.app/products/pb-50-die-struck-pendant-bail-snap-on-73154"},{"@type":"ListItem","position":53,"url":"https://usa-crown-front.vercel.app/products/pb-55-4-20mm-id-cast-pendant-bail-73155"},{"@type":"ListItem","position":54,"url":"https://usa-crown-front.vercel.app/products/pb-57-3-84mm-id-cast-pendant-bail-73156"},{"@type":"ListItem","position":55,"url":"https://usa-crown-front.vercel.app/products/pb-60-cast-3-stone-cluster-pendant-rabbit-ear-bail-73157"},{"@type":"ListItem","position":56,"url":"https://usa-crown-front.vercel.app/products/pb-76-5-50mm-cast-pendant-bail-73158"},{"@type":"ListItem","position":57,"url":"https://usa-crown-front.vercel.app/products/pb-77-6-75mm-cast-pendant-bail-73159"},{"@type":"ListItem","position":58,"url":"https://usa-crown-front.vercel.app/products/pb-78-6-88mm-cast-pendant-bail-73160"},{"@type":"ListItem","position":59,"url":"https://usa-crown-front.vercel.app/products/pb-79-5-60mm-cast-pendant-bail-73161"},{"@type":"ListItem","position":60,"url":"https://usa-crown-front.vercel.app/products/pb-80-6mm-cast-pendant-bail-73162"}]}

=== REGRESSIONS ===
[Regression] https://usa-crown-front.vercel.app/products/a-11-5mm-die-struck-block-initial -> 200 (Expected: 200)
[Regression] https://usa-crown-front.vercel.app/products/zzz-does-not-exist-999 -> 404 (Expected: 404)
[Regression] https://usa-crown-front.vercel.app/categories/pendants -> 200 (Expected: 200)
[Regression] https://usa-crown-front.vercel.app/categories/pendants?page=2 -> 200 (Expected: 200)
[Regression] https://usa-crown-front.vercel.app/products -> 200 (Expected: 200)
[Regression] https://usa-crown-front.vercel.app/ -> 200 (Expected: 200)
[Regression] https://usa-crown-front.vercel.app/sitemap.xml -> 200 (Expected: 200)
[Sitemap] <loc> count: 2088
[Regression] https://usa-crown-front.vercel.app/robots.txt -> 200 (Expected: 200)
